--- the nearest .sumi.json decides the base, however deep the run starts ---
app/billing: base=../.. root=../../.spec docs=../../docs/spec
  verify: glossary=false behavior=true contract=true
  render: glossary=false behavior=false contract=true
project: base=. root=.spec docs=docs/spec
  verify: glossary=false behavior=true contract=true
  render: glossary=false behavior=false contract=true
--- with no .sumi.json, the repository it sits in ---
repo/lib: base=.. root=../.spec docs=../docs
  verify: glossary=true behavior=true contract=true
  render: glossary=true behavior=true contract=true
--- with neither, where the run started ---
loose: base=. root=.spec docs=docs
  verify: glossary=true behavior=true contract=true
  render: glossary=true behavior=true contract=true
--- a .sumi.json that will not parse is not a difference ---
.sumi.json is not readable JSON
--- what the project excludes ---
  app/order.rb: false
  target/debug/generated.rb: true
  a project that said nothing excludes nothing: []
