--- the nearest .sumi.json decides the base, however deep the run starts ---
app/billing: base=../.. root=../../.spec
  verify: glossary=false behavior=true contract=true
project: base=. root=.spec
  verify: glossary=false behavior=true contract=true
--- with no .sumi.json, the repository it sits in ---
repo/lib: base=.. root=../.spec
  verify: glossary=true behavior=true contract=true
--- with neither, where the run started ---
loose: base=. root=.spec
  verify: glossary=true behavior=true contract=true
--- a .sumi.json that will not parse is not a difference ---
.sumi.json is not readable JSON
--- a value no key takes stops the run, and every one of them answers ---
.sumi.json writes root as 123, where it takes a path
.sumi.json writes exclude as "target/", where it takes a list of paths
.sumi.json writes gitignore as "no", where it takes true or false
--- a key no configuration says stops the run too ---
.sumi.json writes exlude, which is not something a configuration says
.sumi.json writes rot, which is not something a configuration says
--- what the project excludes ---
  app/order.rb: false
  target/debug/generated.rb: true
  a project that said nothing excludes nothing: []
--- and what its .gitignore already said ---
  vendor/gem.rb: true
  vendor/kept.rb, put back by .sumi.json: false
  switched off: false
