--- what the directory registers, and where ---
Admin routes @route ["app/*.rb"]
  test/fixtures/contract/.spec/contract/admin.md:11 GET /admin — The console.
CLI @command ["src/*.rb"]
  test/fixtures/contract/.spec/contract/cli.md:13 init — Lay down an empty specification.
  test/fixtures/contract/.spec/contract/cli.md:17 verify — Check the source against the specification.
Routes @route ["app/*.rb"]
  test/fixtures/contract/.spec/contract/routes.md:13 GET /users/:id — One user.
--- the words to look for ---
["@command", "@route"]
--- what each definition's include reaches ---
  Admin routes ["test/fixtures/contract/app/controller.rb"]
  CLI ["test/fixtures/contract/src/commands.rb"]
  Routes ["test/fixtures/contract/app/controller.rb"]
--- the files to look in ---
["test/fixtures/contract/app/controller.rb", "test/fixtures/contract/src/commands.rb"]
--- a contract claimed only from outside its own definition ---
  test/fixtures/contract/.spec/contract/admin.md:11 @route GET /admin is claimed nowhere this specification includes
  test/fixtures/contract/.spec/contract/cli.md:13 @command init is claimed nowhere this specification includes
  test/fixtures/contract/.spec/contract/cli.md:17 @command verify is claimed nowhere this specification includes
  test/fixtures/contract/.spec/contract/routes.md:13 @route GET /users/:id is claimed nowhere this specification includes
--- and the claim that could not implement it ---
  test/fixtures/contract/app/controller.rb:4 @command init is claimed outside what test/fixtures/contract/.spec/contract/cli.md includes
--- a directory nobody wrote registers no contracts ---
[]
--- the same name under two markers is two contracts ---
2
--- one name twice under one marker leaves a claim nothing to resolve to ---
@command verify is declared twice, at test/fixtures/contract/duplicate/one.md:7 and test/fixtures/contract/duplicate/two.md:7
--- a contract with no name cannot be claimed at all ---
test/fixtures/contract/nameless/cli.md:7 declares a contract whose heading does not open with a name in backticks; sumi help contract has the form
--- a definition with no marker is read from the syntax tree ---
1
--- one name twice with no marker ---
Store.open is declared twice, at test/fixtures/contract/twice/one.md:7 and test/fixtures/contract/twice/two.md:7
--- an interface the syntax tree does not define ---
test/fixtures/contract/nomarker/cli.md:7 ruby verify is defined nowhere this specification includes, and one the reading cannot see never is
test/fixtures/contract/nomarker/cli.md:14 ruby Store.open is defined nowhere this specification includes, and one the reading cannot see never is
--- a declaration outside the definition registering its name ---
  ruby test/fixtures/contract/src/commands.rb:3 verify
--- an interface nothing claims ---
test/fixtures/contract/.spec/contract/admin.md:11 @route GET /admin is claimed nowhere this specification includes
test/fixtures/contract/.spec/contract/cli.md:13 @command init is claimed nowhere this specification includes
--- a claim resolving to no contract, and one naming none at all ---
src/commands.rb:20 @command render resolves to no contract
src/commands.rb:24 @command names no contract
--- one contract claimed in two places ---
app/controller.rb:5 @route GET /users/:id is claimed at app/legacy.rb:9 as well
app/legacy.rb:9 @route GET /users/:id is claimed at app/controller.rb:5 as well
--- the shape a contract registers ---
  Store registers no shape
  Store.open (path, mode?)
  Store#read (key:keyword, -:block?)
  Store#write ()
--- an interface defined with another shape ---
test/fixtures/contract/params/api.md:16 Store.open takes (path) where the specification registers (path, mode?)
--- one name defined with two shapes ---
src/store.rb:6 Store#read takes (key:keyword, -:block?) here and (key:keyword) at src/store.rb:24
src/store.rb:24 Store#read takes (key:keyword) here and (key:keyword, -:block?) at src/store.rb:6
--- which files a directory holds that this build can read ---
  holding test/fixtures/contract/formats/cli.md
  holding test/fixtures/contract/formats/notes.txt
  holding test/fixtures/contract/formats/routes.json
  holding test/fixtures/contract/formats/routes.spec
  test/fixtures/contract/formats/cli.md CLI ["verify"]
  test/fixtures/contract/formats/routes.spec Other ["what another format registers"]
--- the same name under two languages ---
  API ruby Store::Handle
  Handle rust Store::Handle
--- and each definition's files are read as its own language ---
  test/fixtures/contract/src/commands.rb as ruby
  test/fixtures/contract/app/controller.rb as rust
--- a declaration another language spells alike ---
  test/fixtures/contract/spelled/handle.md:7 rust Store::Handle is defined nowhere this specification includes, and one the reading cannot see never is
