["1:# A Customer is billed here.", "3:# Not an Invoice."]
["1:=begin\nA Customer.\n=end"]
[]
broken.rb: cannot be parsed by the ruby grammar
["1:// A Customer is billed here."]
tree-sitter: no grammar registered for cobol
["1:Init", "5:`I-001` The first run"]
["Given ", "a directory with no specification "]
true
Init ["test/init_test.rb"]
  Laying down an empty specification to start a reference line from.
  test/fixtures/reading/init.md:15 I-001 The first run lays down what a reference line starts from
    given a directory with no specification
    when `sumi init` runs
    then an empty glossary specification is created at the configured root
  test/fixtures/reading/init.md:23 I-002 A second run leaves the reference line alone
    given a directory `sumi init` has already run in
    when `sumi init` runs again
    then each specification is reported as already there rather than replaced
  test/fixtures/reading/init.md:31 I-003 A configured root is created however deep it is
    given a .sumi.json naming a root two directories down
    when `sumi init` runs
    then every directory on the way to that root is created
  test/fixtures/reading/init.md:39 I-004 The first run lays down somewhere for behaviors to go
    given a directory with no specification
    when `sumi init` runs
    then a behavior directory is created at the configured root
  test/fixtures/reading/init.md:47 I-005 The first run lays down somewhere for contracts to go
    given a directory with no specification
    when `sumi init` runs
    then a contract directory is created at the configured root
--- the same specification, written both ways ---
  same key
  same text
  same includes
  same scenario count
  same ids
  same titles
  same I-001 steps
  same I-002 steps
  same I-003 steps
  same I-004 steps
  same I-005 steps
  path test/fixtures/reading/init.md / test/fixtures/reading/init.json
  line 15 / 9
--- a vocabulary read through the grammar ---
Everywhere ["app/**/*.rb", "docs/*.md"] nil
  13 Order — What a customer asks us to fulfil.
    rejects Purchase — Order is what the domain calls it.
      20 app/legacy_import.rb:88 — Quotes the upstream column name.
  22 Customer — Whoever the order is fulfilled for.
    rejects User — Nobody logs in to place an order.
Billing ["app/billing/*.rb"] nil
  36 Order — The billable set of lines.
    rejects Invoice — An invoice is issued later, from an order.
--- a definition whose contracts source claims, read through the grammar ---
CLI {"marker" => ["@command"]} ["sumitsubo/command/*.rb"]
  The commands `sumi` answers, and what each one is for.
  13 init {}
    Lay down an empty specification to start a reference line from.
  21 help glossary {}
    The vocabulary a project means to use.
--- a definition registering contracts in two languages ---
Internal seams {} ["sumitsubo/**/*.rb"]
  The places this project keeps to one implementation.
  9 Sumitsubo::Where.of {"internal" => [], "language" => ["ruby"], "signature" => ["def self.of(path)\n"]}
    The one place a path a reader is handed is made.
  17 Store::Handle {"internal" => [], "language" => ["rust"], "signature" => ["fn of(path: &str) -> String;\n"]}
    A handle a second language spells its own way.
--- the same vocabulary, written both ways ---
  same what the vocabulary declares
  line 13 / nil
--- the same definition, written both ways ---
  same what the definition registers
  line 13 / 8
