--- no arguments ---
Usage: sumi <command> [options]

Commands:
    init             Lay down an empty specification to start from
    render           Render the specification to markdown
    verify           Check the source against the specification
    help <topic>     Explain how to write a specification

Topics:
    glossary         The vocabulary, and the words it rejects
    contract         The interfaces the project means to keep
    behavior         The scenarios its tests implement
    config           .sumi.json - where things live, and what a run touches

Options:
    -v, --version    Show version
    -h, --help       Show this help
exit=0
--- -h ---
Usage: sumi <command> [options]

Commands:
    init             Lay down an empty specification to start from
    render           Render the specification to markdown
    verify           Check the source against the specification
    help <topic>     Explain how to write a specification

Topics:
    glossary         The vocabulary, and the words it rejects
    contract         The interfaces the project means to keep
    behavior         The scenarios its tests implement
    config           .sumi.json - where things live, and what a run touches

Options:
    -v, --version    Show version
    -h, --help       Show this help
exit=0
--- unknown flag ---
Usage: sumi <command> [options]

Commands:
    init             Lay down an empty specification to start from
    render           Render the specification to markdown
    verify           Check the source against the specification
    help <topic>     Explain how to write a specification

Topics:
    glossary         The vocabulary, and the words it rejects
    contract         The interfaces the project means to keep
    behavior         The scenarios its tests implement
    config           .sumi.json - where things live, and what a run touches

Options:
    -v, --version    Show version
    -h, --help       Show this help
exit=2
--- known flag followed by an unknown one ---
Usage: sumi <command> [options]

Commands:
    init             Lay down an empty specification to start from
    render           Render the specification to markdown
    verify           Check the source against the specification
    help <topic>     Explain how to write a specification

Topics:
    glossary         The vocabulary, and the words it rejects
    contract         The interfaces the project means to keep
    behavior         The scenarios its tests implement
    config           .sumi.json - where things live, and what a run touches

Options:
    -v, --version    Show version
    -h, --help       Show this help
exit=2
--- a word that is no command ---
verfiy is not something sumi answers
Usage: sumi <command> [options]

Commands:
    init             Lay down an empty specification to start from
    render           Render the specification to markdown
    verify           Check the source against the specification
    help <topic>     Explain how to write a specification

Topics:
    glossary         The vocabulary, and the words it rejects
    contract         The interfaces the project means to keep
    behavior         The scenarios its tests implement
    config           .sumi.json - where things live, and what a run touches

Options:
    -v, --version    Show version
    -h, --help       Show this help
exit=2
--- help with no topic ---
Usage: sumi <command> [options]

Commands:
    init             Lay down an empty specification to start from
    render           Render the specification to markdown
    verify           Check the source against the specification
    help <topic>     Explain how to write a specification

Topics:
    glossary         The vocabulary, and the words it rejects
    contract         The interfaces the project means to keep
    behavior         The scenarios its tests implement
    config           .sumi.json - where things live, and what a run touches

Options:
    -v, --version    Show version
    -h, --help       Show this help
exit=0
--- a topic ---
.sumi.json says where. A run takes the nearest one at or above where it
started; failing that the repository it sits in; failing that - with
neither to go on - where it started. A project that has said nothing is
not misconfigured, so an absent .sumi.json answers the defaults; only an
unreadable one stops the run.

Form
    {
      "root": ".spec",
      "docs": "docs",
      "exclude": ["vendor/"],
      "gitignore": true,
      "specifications": { "glossary": { "verify": false } }
    }

    root        where the specifications live, `.spec` by default
    docs        where `sumi render` writes, `docs` by default
    exclude     paths no mechanism reads, whatever an include covers
    gitignore   whether the .gitignore beside this file is read too,
                which it is unless this says false

    All are read against the directory holding the .sumi.json, so
    wherever under it a run starts it reaches the same files. Findings
    answer relative to where the run started, so a reader can go
    straight to one.

    `specifications` lists only the exceptions: one nobody mentions is
    both verified and rendered. The names are `glossary`, `contract`,
    and `behavior`. The two switches are independent - `verify: false`
    keeps a specification without checking it, and `render: false` keeps
    one out of the documents without stopping the check.

What a run leaves alone
    A build directory belongs to the project rather than to any one
    specification, so `exclude` is written once here instead of beside
    each `include`. A pattern takes the form a .gitignore line takes:
    `*` and `?` within a name, `**` for however many directories, a
    separator at the start or the middle anchoring it to the base, one
    at the end naming a directory and everything under it, and `!`
    putting a path back. Character classes and escapes are not read.

    A project keeping a .gitignore has already said which paths are
    not its source, so the one beside the .sumi.json is read as well.
    Only that one: what git reads besides — the files deeper in the
    tree, the user's own, and the rule that a tracked file is never
    left out — this does not, so the two answers differ where a
    project has force-added something its .gitignore names.

    .sumi.json is read after the .gitignore, so a `!` here puts back a
    path git leaves out, and `"gitignore": false` takes the file out
    of the reckoning entirely.

    Excluding narrows what is read and never what is reported: an
    `include` covering no file at all is a pattern nobody can have
    meant, and the run refuses to certify rather than answer that the
    two sides agree. One whose files this leaves out is the project
    getting what it asked for, and says nothing.

Answers
    0   the two sides agree
    1   they differ
    2   the comparison could not be made - whatever had to be read first
        was absent, unreadable, or ambiguous

    A difference is a finding about the code; being unable to compare is
    not, and a run with both answers 2: it says everything it found
    either way, and the answer is what refuses to certify it. A
    mechanism that could not be read stops that mechanism and no other.

    `sumi render` compares nothing, so it never answers 1: its 0 says
    every document it had to write is written.
exit=0
--- a word that is no topic ---
nope is no topic sumi explains
Usage: sumi <command> [options]

Commands:
    init             Lay down an empty specification to start from
    render           Render the specification to markdown
    verify           Check the source against the specification
    help <topic>     Explain how to write a specification

Topics:
    glossary         The vocabulary, and the words it rejects
    contract         The interfaces the project means to keep
    behavior         The scenarios its tests implement
    config           .sumi.json - where things live, and what a run touches

Options:
    -v, --version    Show version
    -h, --help       Show this help
exit=2
--- what each topic opens with ---
  glossary: The vocabulary a project means to use, and the words it rejects in its
  contract: The interfaces a project means to keep. What this establishes is that a
  behavior: The behaviors a project means its tests to implement. What this
  config: .sumi.json says where. A run takes the nearest one at or above where it
