--- no arguments ---
Usage: sumi <command> [options]

Commands:
    init             Write an empty .spec/glossary.json
    verify           Check the source against the specification

Options:
    -v, --version    Show version
    -h, --help       Show this help
exit=0
--- -h ---
Usage: sumi <command> [options]

Commands:
    init             Write an empty .spec/glossary.json
    verify           Check the source against the specification

Options:
    -v, --version    Show version
    -h, --help       Show this help
exit=0
--- unknown flag ---
Usage: sumi <command> [options]

Commands:
    init             Write an empty .spec/glossary.json
    verify           Check the source against the specification

Options:
    -v, --version    Show version
    -h, --help       Show this help
exit=0
--- known flag followed by an unknown one ---
Usage: sumi <command> [options]

Commands:
    init             Write an empty .spec/glossary.json
    verify           Check the source against the specification

Options:
    -v, --version    Show version
    -h, --help       Show this help
exit=0
