--- no arguments ---
Usage: sumi <command> [options]

Commands:
    init             Lay down an empty specification to start from
    verify           Check the source against the specification
    help <topic>     Explain how to write a specification

Topics:
    glossary         The vocabulary, and the words it rejects
    contract         The interfaces the project means to keep
    behavior         The scenarios its tests implement
    config           .sumi.json - where things live, and what a run touches

Options:
    -v, --version    Show version
    -h, --help       Show this help
exit=0
--- -h ---
Usage: sumi <command> [options]

Commands:
    init             Lay down an empty specification to start from
    verify           Check the source against the specification
    help <topic>     Explain how to write a specification

Topics:
    glossary         The vocabulary, and the words it rejects
    contract         The interfaces the project means to keep
    behavior         The scenarios its tests implement
    config           .sumi.json - where things live, and what a run touches

Options:
    -v, --version    Show version
    -h, --help       Show this help
exit=0
--- unknown flag ---
Usage: sumi <command> [options]

Commands:
    init             Lay down an empty specification to start from
    verify           Check the source against the specification
    help <topic>     Explain how to write a specification

Topics:
    glossary         The vocabulary, and the words it rejects
    contract         The interfaces the project means to keep
    behavior         The scenarios its tests implement
    config           .sumi.json - where things live, and what a run touches

Options:
    -v, --version    Show version
    -h, --help       Show this help
exit=2
--- known flag followed by an unknown one ---
Usage: sumi <command> [options]

Commands:
    init             Lay down an empty specification to start from
    verify           Check the source against the specification
    help <topic>     Explain how to write a specification

Topics:
    glossary         The vocabulary, and the words it rejects
    contract         The interfaces the project means to keep
    behavior         The scenarios its tests implement
    config           .sumi.json - where things live, and what a run touches

Options:
    -v, --version    Show version
    -h, --help       Show this help
exit=2
--- a word that is no command ---
verfiy is not something sumi answers
Usage: sumi <command> [options]

Commands:
    init             Lay down an empty specification to start from
    verify           Check the source against the specification
    help <topic>     Explain how to write a specification

Topics:
    glossary         The vocabulary, and the words it rejects
    contract         The interfaces the project means to keep
    behavior         The scenarios its tests implement
    config           .sumi.json - where things live, and what a run touches

Options:
    -v, --version    Show version
    -h, --help       Show this help
exit=2
--- help with no topic ---
Usage: sumi <command> [options]

Commands:
    init             Lay down an empty specification to start from
    verify           Check the source against the specification
    help <topic>     Explain how to write a specification

Topics:
    glossary         The vocabulary, and the words it rejects
    contract         The interfaces the project means to keep
    behavior         The scenarios its tests implement
    config           .sumi.json - where things live, and what a run touches

Options:
    -v, --version    Show version
    -h, --help       Show this help
exit=0
--- a topic ---
.sumi.json says where. A run takes the nearest one at or above where it
started; failing that the repository it sits in; failing that - with
neither to go on - where it started. An absent .sumi.json answers the
defaults; only an unreadable one stops the run.

Form
    {
      "root": ".spec",
      "exclude": ["vendor/"],
      "gitignore": true,
      "specifications": { "glossary": { "verify": false } }
    }

    root        where the specifications live, `.spec` by default
    exclude     paths no mechanism reads, whatever an include covers
    gitignore   whether the .gitignore beside this file is read too,
                which it is unless this says false

    All are read against the directory holding the .sumi.json, so
    wherever under it a run starts it reaches the same files. Findings
    answer relative to where the run started, so a reader can go
    straight to one.

    `specifications` lists only the exceptions: one nobody mentions is
    verified. The names are `glossary`, `contract`, and `behavior`.
    `verify: false` keeps a specification the project means to hold
    without a run being checked against it yet.

    The set is closed both ways. A key nothing here reads, and a
    value the one named does not take, are each refused - and all
    of them at once, a configuration being short enough to fix in
    one pass.

What a run reads
    `include` and `exclude` take the form a .gitignore line takes,
    read against the directory holding the .sumi.json: `*` and `?`
    within a name, `**` for however many directories, one in the
    middle included - so `crates/*/src/**/*.rs` is each crate's own
    source. A trailing `**` reaches every depth, as a .gitignore
    reads one and a glob does not. Character classes and escapes
    are read by neither, a wildcard never reaches a hidden file,
    and a directory linking back up the tree is not followed.

    An include is where it says: `README.md` is the one at the top,
    `**/README.md` is every one. An exclusion with no separator
    reaches a name at any depth, which is what makes `target/` every
    build directory; `!` and a trailing separator are its alone.

    The .gitignore beside this file is read as well, and only that one
    - not the ones deeper in the tree, not the user's own, and not
    git's rule that a tracked file is never left out. This file is
    read after it, so `!` here puts a path back and
    `"gitignore": false` takes the .gitignore out entirely.

    An excluded directory is never looked inside, so `target/` is
    worth more than anything written about what is under it.

    An include covering no file at all is a pattern nobody can have
    meant, and the run refuses to certify. One whose files `exclude`
    takes away says nothing.

    `exclude` says what no mechanism reads. An `include` says more
    than which files are read: it is the boundary of what one
    specification answers for, so the same file under two of them
    answers for both, and under neither answers for nothing. Each
    mechanism's help has what that means for it.

Answers
    0   the two sides agree
    1   they differ
    2   the comparison could not be made - whatever had to be read first
        was absent, unreadable, or ambiguous

    A difference is a finding about the code; being unable to compare
    is not, and a run with both answers 2 - it says everything it
    found either way. A mechanism that could not be read stops that
    mechanism and no other.
exit=0
--- a word that is no topic ---
nope is no topic sumi explains
Usage: sumi <command> [options]

Commands:
    init             Lay down an empty specification to start from
    verify           Check the source against the specification
    help <topic>     Explain how to write a specification

Topics:
    glossary         The vocabulary, and the words it rejects
    contract         The interfaces the project means to keep
    behavior         The scenarios its tests implement
    config           .sumi.json - where things live, and what a run touches

Options:
    -v, --version    Show version
    -h, --help       Show this help
exit=2
--- a command given a flag it does not take ---
--nonsense is not something sumi answers
Usage: sumi <command> [options]

Commands:
    init             Lay down an empty specification to start from
    verify           Check the source against the specification
    help <topic>     Explain how to write a specification

Topics:
    glossary         The vocabulary, and the words it rejects
    contract         The interfaces the project means to keep
    behavior         The scenarios its tests implement
    config           .sumi.json - where things live, and what a run touches

Options:
    -v, --version    Show version
    -h, --help       Show this help
exit=2
--- a command given a word it does not take ---
wat is not something sumi answers
Usage: sumi <command> [options]

Commands:
    init             Lay down an empty specification to start from
    verify           Check the source against the specification
    help <topic>     Explain how to write a specification

Topics:
    glossary         The vocabulary, and the words it rejects
    contract         The interfaces the project means to keep
    behavior         The scenarios its tests implement
    config           .sumi.json - where things live, and what a run touches

Options:
    -v, --version    Show version
    -h, --help       Show this help
exit=2
--- a topic followed by a word help does not take ---
extra is not something sumi answers
Usage: sumi <command> [options]

Commands:
    init             Lay down an empty specification to start from
    verify           Check the source against the specification
    help <topic>     Explain how to write a specification

Topics:
    glossary         The vocabulary, and the words it rejects
    contract         The interfaces the project means to keep
    behavior         The scenarios its tests implement
    config           .sumi.json - where things live, and what a run touches

Options:
    -v, --version    Show version
    -h, --help       Show this help
exit=2
--- what each topic opens with ---
  glossary: The vocabulary a project means to use, and the words it rejects in its
  contract: The interfaces a project means to keep. What this establishes is that a
  behavior: The behaviors a project means its tests to implement. What this
  config: .sumi.json says where. A run takes the nearest one at or above where it
--- lines wider than a topic wraps its prose to ---
  glossary 77: app/order.rb:2 Order rejects Purchase: Order is what the domain calls it.
  contract 100: .spec/contract/routes.md:11 @route GET /users/:id is claimed nowhere this specification includes
  contract 131: .spec/contract/api.md:9 ruby Store.open is defined nowhere this specification includes, and one the reading cannot see never is
  contract 89: .spec/contract/api.md:9 Store#read takes (id) where the specification registers (key)
  contract 73: lib/store.rb:4 Store#read takes (id) here and (key) at lib/other.rb:9
  contract 76: app/show.rb:1 @route GET /users/:id is claimed at app/other.rb:7 as well
  contract 77: app/show.rb:1 @route GET /users/:id resolves to no contract      (exit 2)
  contract 108: app/show.rb:1 @route GET /users/:id is claimed outside what .spec/contract/routes.md includes   (exit 2)
  contract 92: .spec/contract/api.md:9 writes a signature declaring open, and not Store.open   (exit 2)
  contract 118: .spec/contract/api.md:9 registers Store.open with no signature, so nothing says how its name is spelled   (exit 2)
  behavior 93: .spec/behavior/verify.md:9 @behavior V-002 is claimed nowhere this specification includes
  behavior 77: test/verify_test.rb:13 V-404 resolves to no scenario             (exit 2)
  behavior 100: test/other_test.rb:13 V-002 is claimed outside what .spec/behavior/verify.md includes   (exit 2)
