--- first run ---
created .spec/glossary.md
created .spec/contract
created .spec/behavior
exit=0
# Glossary

The words this project keeps, and the ones it turns down in their place.
--- second run leaves it alone ---
exists .spec/glossary.md
exists .spec/contract
exists .spec/behavior
exit=0
--- a configured root is created however deep it is ---
created spec/nested/glossary.md
created spec/nested/contract
created spec/nested/behavior
exit=0
