--- what a person wrote in a source file ---
["2:# The customer's Purchase is settled here.", "5:# Purchases and repurchase are different words; whole-word, case", "6:# sensitive matching has to leave both alone.", "10:# An identifier is a spelling of the concept, not its name, so the scan walks", "11:# past the constant below."]
--- a file no language claims answers entire ---
2
--- where every line stands in front of more of the same ---
["1:comment", "2:nothing"]
--- source is read as the language a specification named ---
29
--- what this build carries ---
true
false
--- what each comment stands next to ---
["2:code", "4:code", "9:code"]
["1:comment", "2:code", "7:code", "10:code", "13:code", "16:code", "19:comment", "20:nothing"]
--- source the grammar cannot read ---
broken.rb: cannot be parsed by the ruby grammar
--- a second language reads its own comments ---
6
"51:nothing"
--- a block comment stops before its own closing delimiter ---
"48:/* @contract audit::Entry::at — a claim in a block comment. "
--- and spells a name the way it writes a path ---
  6 Charge
  12 Charge::settle
  16 Charge::open
  21 Outcome
  26 Ledger
  27 Ledger::record
  31 Charge::record
  34 audit
  35 audit::LIMIT
  37 audit::trail
  39 audit::Entry
  42 audit::Entry::at
  49 recorded
--- with the receiver among its parameters ---
  Charge::settle(self, positional at)
  Charge::open(positional amount)
  Ledger::record(self, positional charge)
  Charge::record(self, positional charge)
  audit::Entry::at(self)
--- what a Ruby file declares ---
  test/fixtures/source/ruby/sample.rb:1 Outer
  test/fixtures/source/ruby/sample.rb:2 Outer::Inner
  test/fixtures/source/ruby/sample.rb:3 Outer::Inner.load (path:positional)
  test/fixtures/source/ruby/sample.rb:7 Outer::Inner#check (text:positional)
  test/fixtures/source/ruby/sample.rb:13 Flat::Scoped
  test/fixtures/source/ruby/sample.rb:14 Flat::Scoped.of (path:positional)
  test/fixtures/source/ruby/sample.rb:19 Alone
  test/fixtures/source/ruby/sample.rb:20 Alone#solo ()
  test/fixtures/source/ruby/sample.rb:24 loose ()
  test/fixtures/source/ruby/sample.rb:27 Reopened
  test/fixtures/source/ruby/sample.rb:29 Reopened.built ()
  test/fixtures/source/ruby/sample.rb:34 Signed
  test/fixtures/source/ruby/sample.rb:35 Signed#positional (one:positional, two:positional?)
  test/fixtures/source/ruby/sample.rb:38 Signed#keyworded (three:keyword, four:keyword?)
  test/fixtures/source/ruby/sample.rb:41 Signed#gathered (rest:splat?, opts:hash_splat?, block:block?)
  test/fixtures/source/ruby/sample.rb:44 Signed#anonymous (-:splat?, -:hash_splat?, -:block?)
  test/fixtures/source/ruby/sample.rb:47 Signed#unusual (-:destructured, -:forward?)
  test/fixtures/source/ruby/sample.rb:50 Signed#strict (one:positional)
  test/fixtures/source/ruby/sample.rb:53 Signed#bare ()
  test/fixtures/source/ruby/sample.rb:56 Signed.singular (one:positional, two:keyword?)
  test/fixtures/source/ruby/sample.rb:60 Called
  test/fixtures/source/ruby/sample.rb:65 Helper
  test/fixtures/source/ruby/sample.rb:66 Helper#helped ()
  test/fixtures/source/ruby/sample.rb:70 Widget
  test/fixtures/source/ruby/sample.rb:74 Boxed
  test/fixtures/source/ruby/sample.rb:75 Boxed#unwrapped ()
  test/fixtures/source/ruby/sample.rb:78 Boxed.of (held:positional)
  test/fixtures/source/ruby/sample.rb:82 Flat::Boxed
  test/fixtures/source/ruby/sample.rb:83 Flat::Boxed#unwrapped ()
--- and the reading of what it declares refuses it too ---
  test/fixtures/source/ruby/broken.rb: cannot be parsed by the ruby grammar
--- what a piece of text declares ---
  .spec/contract/internal.md:1 Sumitsubo::Place
  .spec/contract/internal.md:2 Sumitsubo::Place.of (path:positional, line:positional)
--- and text the grammar cannot read is refused ---
  .spec/contract/internal.md: cannot be parsed by the ruby grammar
