--- a file no language claims answers entire ---
2
--- source is read as the language a specification named ---
29
--- what this build carries ---
true
false
--- what a piece of text declares ---
  .spec/contract/internal.md:1 Sumitsubo::Place
  .spec/contract/internal.md:2 Sumitsubo::Place.of (path:positional, line:positional)
--- and text the grammar cannot read is refused ---
  .spec/contract/internal.md: cannot be parsed by the ruby grammar
