--- a feature, its scope, and one scenario ---
Init ["test/init_test.rb", "test/other_test.rb"]
  What init lays down to start a reference line from.
  init.md:10 I-001 The first run lays down an empty glossary
    given a directory with no specification
    when `sumi init` runs
    then an empty glossary is written
--- a soft line break is a space ---
one two three
--- a scenario stating two Givens and no Then ---
  {"given" => ["a directory", "a glossary already there"], "when" => ["`sumi init` runs"]}
--- an id with no title after it ---
  I-003 nil
--- a paragraph under a scenario is passed over ---
  What init lays down.
--- a level this reading does not read is prose ---
  T-001 An interface nothing claims
--- a heading that does not open with an id ---
  refused: init.md:3 declares a scenario whose heading does not open with an id in backticks; sumi help behavior has the form
--- an id in backticks that is empty ---
  refused: init.md:3 declares a scenario whose heading does not open with an id in backticks; sumi help behavior has the form
--- an include that is not a glob in backticks ---
  refused: init.md:5 writes an include that is not a glob in backticks; sumi help behavior has the form
--- a step row that lost a separator ---
  refused: init.md:5 writes a step row of 1 cell rather than two; sumi help behavior has the form
--- a step row carrying an unescaped separator ---
  refused: init.md:5 writes a step row of 3 cells rather than two; sumi help behavior has the form
--- a row naming something that is not a step ---
  refused: init.md:5 writes a step named Where rather than Given, When or Then; sumi help behavior has the form
--- a step before any scenario ---
  refused: init.md:3 writes a step outside any scenario; sumi help behavior has the form
--- a document with no title ---
  refused: init.md:1 declares no title; sumi help behavior has the form
--- a document with two titles ---
  refused: init.md:3 declares a second title; sumi help behavior has the form
--- which files this parser answers for ---
[true, false, true]
