--- a feature, its scope, and one scenario ---
Init ["test/init_test.rb", "test/other_test.rb"]
  What init lays down to start a reference line from.
  init.md:10 I-001 The first run lays down an empty glossary
    given a directory with no specification
    when `sumi init` runs
    then an empty glossary is written
--- a scenario stating two Givens and no Then ---
  {"given" => ["a directory", "a glossary already there"], "when" => ["`sumi init` runs"]}
--- an id with no title after it ---
  I-003 nil
--- a paragraph under a scenario is passed over ---
  What init lays down.
--- a heading that does not open with an id ---
  refused: init.md:3 declares a scenario whose heading does not open with an id in backticks; sumi help behavior has the form
--- an id in backticks that is empty ---
  refused: init.md:3 declares a scenario whose heading does not open with an id in backticks; sumi help behavior has the form
--- an include that is not a glob in backticks ---
  refused: init.md:5 writes an include that is not a glob in backticks; sumi help behavior has the form
--- a step row that lost a separator ---
  refused: init.md:5 writes a step row of 1 cell rather than two; sumi help behavior has the form
--- a step row carrying an unescaped separator ---
  refused: init.md:5 writes a step row of 3 cells rather than two; sumi help behavior has the form
--- a row naming something that is not a step ---
  refused: init.md:5 writes a step named Where rather than Given, When or Then; sumi help behavior has the form
--- a step before any scenario ---
  refused: init.md:3 writes a step outside any scenario; sumi help behavior has the form
--- a document with no title ---
  refused: init.md:1 declares no title; sumi help behavior has the form
--- a document with two titles ---
  refused: init.md:3 declares a second title; sumi help behavior has the form
--- a vocabulary read into sections, terms and the words they reject ---
Glossary "Prose above every section."
  Everywhere ["app/**/*.rb"] "What this section is for."
    test/fixtures/specification/forms/glossary.md:13 Order — What a customer asks us to fulfil.
      19 rejects Purchase — Order is what the domain calls it.
        20 app/legacy_import.rb:88 — Quotes the upstream column name.
  Billing ["app/billing/*.rb"] nil
    test/fixtures/specification/forms/glossary.md:28 Order — The billable set of lines.
--- two sections declaring one term ---
[["Everywhere", ["Order"]], ["Billing", ["Order"]]]
--- a rejected word written with and without the separator ---
  Purchase "Order is what the domain calls it."
  Buy "Order is what the domain calls it."
  Acquire nil
--- a term written under no section ---
  refused: test/fixtures/specification/forms/glossary.md:3 declares Order outside any section; sumi help glossary has the form
--- a vocabulary declaring no section checks nothing ---
Glossary "Prose and nothing else."
--- a document that never says it is a vocabulary ---
  refused: test/fixtures/specification/forms/glossary.md:1 declares no title; sumi help glossary has the form
--- a heading under a term that is not Rejected ---
  refused: test/fixtures/specification/forms/glossary.md:7 writes Rejcted where only Rejected is read; sumi help glossary has the form
--- Rejected written under no term ---
  refused: test/fixtures/specification/forms/glossary.md:5 writes Rejected outside any term; sumi help glossary has the form
--- a rejected word that is not in backticks ---
  refused: test/fixtures/specification/forms/glossary.md:9 rejects a word that is not in backticks; sumi help glossary has the form
--- a rejected word with nothing between the marks ---
  refused: test/fixtures/specification/forms/glossary.md:9 rejects a word that is not in backticks; sumi help glossary has the form
--- an ignore written under no rejected word ---
  refused: test/fixtures/specification/forms/glossary.md:9 writes an ignore under no rejected word; sumi help glossary has the form
--- an ignore with nothing to say why ---
  refused: test/fixtures/specification/forms/glossary.md:10 writes an ignore at app/order.rb:2 with no reason; sumi help glossary has the form
--- a list a reserved heading does not open is prose ---
[]
--- a definition whose contracts source claims in a comment ---
CLI {"marker" => ["@command"]} ["sumitsubo/command/*.rb"]
  The commands `sumi` answers.
  cli.md:13 init {}
    Lay down an empty specification.
--- a definition whose contracts the syntax tree declares ---
Internal seams {} []
  The places this project keeps to one implementation.
  cli.md:5 Sumitsubo::Place.of {"internal" => ["yes"], "language" => ["ruby"], "signature" => ["module Sumitsubo::Place\n  def self.of(path)\n  end\nend\n"]}
    The one place a path a reader is handed is made.
  cli.md:20 store::Handle {"language" => ["rust"], "signature" => ["mod store {\n    pub struct Handle;\n}\n"]}
    
--- a contract heading that does not open with a name ---
  refused: cli.md:3 declares a contract whose heading does not open with a name in backticks; sumi help contract has the form
--- a contract heading opening with a word before the name ---
  refused: cli.md:3 declares a contract whose heading does not open with a name in backticks; sumi help contract has the form
--- prose written after a contract's name ---
  refused: cli.md:3 writes lays down a specification after a name, where a heading carries the name alone; sumi help contract has the form
--- a second run in backticks after a contract's name ---
  refused: cli.md:3 writes `internal` after a name, where a heading carries the name alone; sumi help contract has the form
--- a table stating one attribute of a contract ---
CLI {} []
  
  cli.md:3 init {"internal" => ["yes"], "language" => ["ruby"], "signature" => ["def init\nend\n"]}
    
--- an attribute a contract does not carry ---
  refused: cli.md:7 writes hidden, which is not an attribute a contract carries; sumi help contract has the form
--- an attribute given a value it does not take ---
  refused: cli.md:7 writes internal as no, where it takes yes; sumi help contract has the form
--- an attribute row standing under no contract ---
  refused: cli.md:5 writes an attribute outside any contract; sumi help contract has the form
--- an attribute row that lost a separator ---
  refused: cli.md:7 writes an attribute row of 1 cell rather than two; sumi help contract has the form
--- one attribute written twice ---
  refused: cli.md:8 writes internal twice; sumi help contract has the form
--- a marker named after a contract has already been registered ---
  refused: cli.md:5 names Marker after a contract, which is read one way or the other; sumi help contract has the form
--- a marker heading with no word under it ---
  refused: cli.md:3 names Marker and gives no word to claim with; sumi help contract has the form
--- a contract the syntax tree reading is given no signature for ---
  refused: cli.md:3 registers Store.open with no signature, so nothing says how its name is spelled; sumi help contract has the form
--- a signature whose fence names no language ---
  refused: cli.md:5 writes a signature with no language, which is what says how Store.open is spelled; sumi help contract has the form
--- a signature in a language this build does not carry ---
  refused: cli.md:3 names cobol, which this sumi does not carry; sumi help contract has the form
--- a signature declaring another name ---
  refused: cli.md:3 writes a signature declaring open, and not Store.open; sumi help contract has the form
--- a signature declaring a second contract ---
  refused: cli.md:3 writes a signature declaring Store.close as well, where a signature declares the one contract and what holds it; sumi help contract has the form
  refused: cli.md:3 writes a signature declaring Store as well, where a signature declares the one contract and what holds it; sumi help contract has the form
--- a signature the reading cannot read ---
  refused: cli.md:3 writes a signature the ruby reading cannot read; sumi help contract has the form
--- a document that names nothing ---
  refused: cli.md:1 declares no name; sumi help contract has the form
--- a second fence under one contract ---
  Store.open {"language" => ["ruby"], "signature" => ["module Store\n  def self.open(path)\n  end\nend\n"]}
--- includes written at the level a feature writes them ---
["5 test/init_test.rb", "6 test/other_test.rb"]
--- includes written at the level a vocabulary writes them ---
  Everywhere ["7 app/**/*.rb"]
  Billing ["17 app/billing/*.rb"]
--- one glob written twice ---
  Everywhere ["7 app/**/*.rb"]
  Billing ["13 app/**/*.rb"]
