--- a claim answers at the line its comment sits on ---
src/verify.rb:7 @behavior [G-001]
src/verify.rb:10 @behavior [G-002 I-001]
--- a claim in a block comment ---
src/init.rb:11 @behavior [I-003]
--- a path that arrives absolute still answers where the run started ---
src/commands.rb:2 @behavior [I-001]
--- two keywords in one pass, and one with nothing after it ---
src/commands.rb:4 @command [verify]
src/commands.rb:5 @route [GET /users/:id]
src/commands.rb:8 @command []
--- a keyword the comment is written against ---
src/order.rb:3 @behavior [G-003]
src/order.rb:5 @behavior [G-004]
src/order.rb:7 @behavior [G-005]
src/order.rb:9 @behavior [G-006]
--- a claim reaches code through the comments after it, or reaches none ---
src/order.rb:2 @behavior [G-007]
src/order.rb:3 @behavior [G-008]
src/order.rb:6 @behavior [G-009] reaching no code
src/order.rb:7 @behavior [G-010] reaching no code
--- and says so for every keyword on the line ---
src/routes.rb:2 @command [verify]
src/routes.rb:4 @command [init @route GET /users] reaching no code
src/routes.rb:4 @route [GET /users] reaching no code
