--- a linear snapshot script ---
test/fixtures/behavior/test/verify_test.rb:7 G-001
test/fixtures/behavior/test/verify_test.rb:10 G-002
test/fixtures/behavior/test/verify_test.rb:10 I-001
test/fixtures/behavior/test/verify_test.rb:13 G-404
--- methods, nesting, and a block comment ---
test/fixtures/behavior/test/init_test.rb:2 I-001
test/fixtures/behavior/test/init_test.rb:4 I-002
test/fixtures/behavior/test/init_test.rb:10 I-003
--- prose is not code, so it claims nothing ---
[]
--- source the grammar cannot read is not a claim of anything ---
test/fixtures/behavior/test/broken.rb: cannot be parsed by the ruby grammar
--- a path that arrives absolute still answers where the run started ---
test/fixtures/behavior/test/init_test.rb:2 I-001
test/fixtures/behavior/test/init_test.rb:4 I-002
test/fixtures/behavior/test/init_test.rb:10 I-003
