--- a directory named at any depth ---
  target/ -> src/main.rs crates/one/src/lib.rs crates/one/target docs/target.md a/b/c.rs a/b/x/y/c.rs run.log crates/one/run.log
--- anchored by a separator at the start or the middle ---
  /target/ -> src/main.rs crates/one/src/lib.rs crates/one/target/debug/gen.rs crates/one/target docs/target.md a/b/c.rs a/b/x/y/c.rs run.log crates/one/run.log
  crates/*/target/ -> src/main.rs target/debug/build.rs crates/one/src/lib.rs crates/one/target docs/target.md a/b/c.rs a/b/x/y/c.rs run.log crates/one/run.log
--- however many directories ---
  a/**/c.rs -> src/main.rs target/debug/build.rs crates/one/src/lib.rs crates/one/target/debug/gen.rs crates/one/target docs/target.md run.log crates/one/run.log
  **/target/ -> src/main.rs crates/one/src/lib.rs crates/one/target docs/target.md a/b/c.rs a/b/x/y/c.rs run.log crates/one/run.log
--- a name at any depth ---
  *.log -> src/main.rs target/debug/build.rs crates/one/src/lib.rs crates/one/target/debug/gen.rs crates/one/target docs/target.md a/b/c.rs a/b/x/y/c.rs
  ?.rs -> src/main.rs target/debug/build.rs crates/one/src/lib.rs crates/one/target/debug/gen.rs crates/one/target docs/target.md run.log crates/one/run.log
--- put back by a later rule ---
  *.log !crates/one/run.log -> src/main.rs target/debug/build.rs crates/one/src/lib.rs crates/one/target/debug/gen.rs crates/one/target docs/target.md a/b/c.rs a/b/x/y/c.rs crates/one/run.log
  !crates/one/run.log *.log -> src/main.rs target/debug/build.rs crates/one/src/lib.rs crates/one/target/debug/gen.rs crates/one/target docs/target.md a/b/c.rs a/b/x/y/c.rs
--- a rule matching nothing takes nothing out ---
  nowhere/ -> src/main.rs target/debug/build.rs crates/one/src/lib.rs crates/one/target/debug/gen.rs crates/one/target docs/target.md a/b/c.rs a/b/x/y/c.rs run.log crates/one/run.log
--- what an include reaches ---
  src/main.rs -> src/main.rs
  crates/*/src/*.rs -> crates/one/src/lib.rs
  a/**/c.rs -> a/b/c.rs a/b/x/y/c.rs
  *.log -> run.log
--- the same rule read as an exclusion and as an include ---
  run.log -> src/main.rs target/debug/build.rs crates/one/src/lib.rs crates/one/target/debug/gen.rs crates/one/target docs/target.md a/b/c.rs a/b/x/y/c.rs
  run.log -> run.log
--- what a .gitignore holds, less what it wrote for a reader ---
["/target/", "vendor/", "!vendor/keep.rs"]
--- what each shape an include is written in reaches ---
  CLAUDE.md -> CLAUDE.md
  README.md -> README.md
  .spec/glossary.md -> .spec/glossary.md
  .spec/contract/*.json -> .spec/contract/cli.json
  .spec/behavior/*.md -> .spec/behavior/verify.md
  sumitsubo/**/*.rb -> sumitsubo/command/help.rb sumitsubo/config.rb sumitsubo/source/language/ruby.rb
  sumitsubo/command/*.rb -> sumitsubo/command/help.rb
  test/*.rb -> test/verify_test.rb
  test/verify_test.rb -> test/verify_test.rb
  docs/**/*.md -> docs/spec/glossary.md
  crates/**/*.rs -> crates/one/build.rs crates/one/src/lib.rs
  lib/**/*.rb -> lib/kobako.rb
  crates/*/src/**/*.rs -> crates/one/src/lib.rs
  sumitsubo/**/**/*.rb -> sumitsubo/command/help.rb sumitsubo/config.rb sumitsubo/source/language/ruby.rb
  sumitsubo/** -> sumitsubo/command/help.rb sumitsubo/config.rb sumitsubo/source/language/ruby.rb
--- inside a hidden directory, which the walk and not the matcher rules on ---
  **/*.json -> .spec/contract/cli.json
--- a pattern written outside ASCII ---
  說*.rb -> 說明.rb 說.rb
  *記.rb -> 前記.rb
  ?記.rb -> 前記.rb
  說明* -> 說明.rb
