--- code that drifted from its glossary ---
app/billing/charge.rb:2 Order rejects Invoice: An invoice is issued later, from an order.
app/order.rb:2 Order rejects Purchase: Order is what the domain calls it.
docs/overview.md:5 Order rejects Purchase: Order is what the domain calls it.
3 differences
exit=1
--- the same run from a subdirectory: same findings, paths from where it started ---
../docs/overview.md:5 Order rejects Purchase: Order is what the domain calls it.
billing/charge.rb:2 Order rejects Invoice: An invoice is issued later, from an order.
order.rb:2 Order rejects Purchase: Order is what the domain calls it.
3 differences
exit=1
--- a specification switched off is not read, however far the code drifted ---
0 differences
exit=0
--- every scenario claimed, so the two sides agree ---
0 differences
exit=0
--- a scenario nothing claims answers at the specification ---
.spec/behavior/verify.json:6 V-002 is claimed nowhere in test/*_test.rb
1 difference
exit=1
--- a claim resolving to no scenario is not a difference but a failure to compare ---
test/verify_test.rb:13 G-404 resolves to no scenario
0 differences
exit=2
--- a mechanism that cannot be read leaves the others still answering ---
.spec/behavior/verify.json:5 U-001 is claimed nowhere in test/*_test.rb
app/broken.rb: cannot be parsed by the ruby grammar
1 difference
exit=2
--- no specification at all ---
no specification at .spec
exit=2
--- a root the configuration points at but nothing wrote ---
no specification at nope
exit=2
--- what init lays down verifies clean ---
created .spec/glossary.json
created .spec/behavior
exit=0
0 differences
exit=0
--- and so does a clone that arrived without the empty directory ---
0 differences
exit=0
