--- code that drifted from its glossary ---
app/billing/charge.rb:2 Order rejects Invoice: An invoice is issued later, from an order.
app/order.rb:2 Order rejects Purchase: Order is what the domain calls it.
docs/overview.md:5 Order rejects Purchase: Order is what the domain calls it.
3 differences
exit=1
--- the same run from a subdirectory: same findings, paths from where it started ---
../docs/overview.md:5 Order rejects Purchase: Order is what the domain calls it.
billing/charge.rb:2 Order rejects Invoice: An invoice is issued later, from an order.
order.rb:2 Order rejects Purchase: Order is what the domain calls it.
3 differences
exit=1
--- a specification switched off is not read, however far the code drifted ---
0 differences
exit=0
--- every scenario claimed, so the two sides agree ---
0 differences
exit=0
--- a scenario nothing claims answers at the specification ---
.spec/behavior/verify.json:6 @behavior V-002 is claimed nowhere in test/*_test.rb
1 difference
exit=1
--- a claim resolving to no scenario is not a difference but a failure to compare ---
test/verify_test.rb:13 G-404 resolves to no scenario
0 differences
exit=2
--- a mechanism that cannot be read leaves the others still answering ---
.spec/behavior/verify.json:5 @behavior U-001 is claimed nowhere in test/*_test.rb
app/broken.rb: cannot be parsed by the ruby grammar
1 difference
exit=2
--- an interface nothing claims, one claimed twice, and a claim registered nowhere ---
.spec/contract/cli.json:8 @command verify is claimed nowhere in src/*.rb
src/commands.rb:3 @command init is claimed at src/commands.rb:7 as well
src/commands.rb:7 @command init is claimed at src/commands.rb:3 as well
src/commands.rb:12 @command render resolves to no contract
3 differences
exit=2
--- an interface the syntax tree does not declare ---
.spec/contract/api.json:8 Store#write is defined nowhere in src/*.rb, and a method made by a call or mixed in never is
1 difference
exit=1
--- source whose shape drifted from the contract ---
.spec/contract/api.json:6 Store.open takes (path, mode?) where the specification registers (path)
src/store.rb:6 Store#read takes (key) here and (key, default) at src/store.rb:16
src/store.rb:16 Store#read takes (key, default) here and (key) at src/store.rb:6
3 differences
exit=1
--- a contract naming no marker and nothing Ruby can define ---
.spec/contract/routes.json names GET /users/:id, which no Ruby definition can be
0 differences
exit=2
--- no specification at all ---
no specification at .spec
exit=2
--- a root the configuration points at but nothing wrote ---
no specification at nope
exit=2
--- what init lays down verifies clean ---
created .spec/glossary.json
created .spec/contract
created .spec/behavior
exit=0
0 differences
exit=0
--- and so does a clone that arrived without the empty directory ---
0 differences
exit=0
