--- code that drifted from its glossary ---
app/billing/charge.rb:2:8 Order rejects Invoice: An invoice is issued later, from an order.
app/order.rb:2:20 Order rejects Purchase: Order is what the domain calls it.
2 differences
exit=1
--- no specification at all ---
no glossary at .spec/glossary.json
exit=2
--- what init lays down verifies clean ---
created .spec/glossary.json
exit=0
0 differences
exit=0
